........................................................................ [  2%]
........................................................................ [  4%]
........................................................................ [  7%]
........................................................................ [  9%]
........................................................................ [ 12%]
........................................................................ [ 14%]
........................................................................ [ 16%]
........................................................................ [ 19%]
........................................................................ [ 21%]
........................................................................ [ 24%]
........................................................................ [ 26%]
........................................................................ [ 28%]
........................................................................ [ 31%]
........................................................................ [ 33%]
........................................................................ [ 36%]
........................................................................ [ 38%]
........................................................................ [ 40%]
.........................................s........................s..... [ 43%]
........................................................................ [ 45%]
........................................................................ [ 48%]
........................................................................ [ 50%]
.....................................ssssssssss......................... [ 52%]
........................................................................ [ 55%]
........................................................................ [ 57%]
........................................................................ [ 60%]
........................................................................ [ 62%]
........................................................................ [ 64%]
........................................................................ [ 67%]
........................................................................ [ 69%]
........................................................................ [ 72%]
........................................................................ [ 74%]
........................................................................ [ 77%]
........................................................................ [ 79%]
........................................................................ [ 81%]
........................................................................ [ 84%]
........................................................................ [ 86%]
...s.................................................................... [ 89%]
........................................................................ [ 91%]
........................................................................ [ 93%]
........................................................................ [ 96%]
.....................................................................s.. [ 98%]
.....ss.....ss.........................                                  [100%]
=============================== warnings summary ===============================
../../../../Users/gregkisel/Developer/ai_trainer/ai_trainer_env/lib/python3.11/site-packages/fastapi/testclient.py:1
  /Users/gregkisel/Developer/ai_trainer/ai_trainer_env/lib/python3.11/site-packages/fastapi/testclient.py:1: StarletteDeprecationWarning: Using `httpx` with `starlette.testclient` is deprecated; install `httpx2` instead.
    from starlette.testclient import TestClient as TestClient  # noqa

-- Docs: https://docs.pytest.org/en/stable/how-to/capture-warnings.html
- generated xml file: /private/tmp/ai-trainer-daily-fix-20261001/evidence/broad-confirmed.xml -
=========================== short test summary info ============================
SKIPPED [1] tests/smoke/test_dsh_pilot_preflight_timeout.py:999: сохранённой сессии пилота нет: /private/tmp/ai-trainer-daily-fix-20261001/candidate/logs/dsh-pilot-577/sessions/--private-tmp-dsh-pilot-577-wt--/session-82e185f4-86d3-46d2-b963-74da0d1e347a/session.jsonl.zstd
SKIPPED [1] tests/smoke/test_dsh_pilot_preflight_timeout.py:1357: состояние процесса недоступно: нет /proc, ps запрещён средой (PermissionError)
SKIPPED [10] tests/smoke/test_issue_562_acceptance.py:446: регенерация фикстур выполняется явно: CAPTURE_FIXTURE_REGEN=1
SKIPPED [1] tests/smoke/test_run_web_preflight.py:52: environment does not allow opening a local listening socket
SKIPPED [1] tests/test_final_app.py:96: В локальной базе нет HRV данных для final app diagnostic
SKIPPED [1] tests/test_garth_api.py:15: could not import 'garth': No module named 'garth'
SKIPPED [1] tests/test_garth_api.py:42: could not import 'garth': No module named 'garth'
SKIPPED [1] tests/test_hrv_logic.py:29: В локальной базе нет HRV данных для диагностического теста
SKIPPED [1] tests/test_hrv_trend.py:27: В локальной базе нет HRV данных для тестирования тренда
2973 passed, 18 skipped, 46 deselected, 1 warning in 144.72s (0:02:24)
